../Core/Src/main.c:77:5:main	8	static
../Core/Src/main.c:130:6:SystemClock_Config	88	static
../Core/Src/main.c:176:13:MX_ADC1_Init	24	static
../Core/Src/main.c:235:13:MX_IWDG_Init	8	static
../Core/Src/main.c:263:13:MX_TIM2_Init	32	static
../Core/Src/main.c:308:13:MX_USART6_UART_Init	8	static
../Core/Src/main.c:341:13:MX_GPIO_Init	48	static
../Core/Src/main.c:407:6:HAL_TIM_PeriodElapsedCallback	16	static
../Core/Src/main.c:414:6:HAL_UART_RxCpltCallback	16	static
../Core/Src/main.c:442:6:Error_Handler	4	static
